// Jest Snapshot v1, https://goo.gl/fbAQLP

exports[`StatsBar component renders correctly 1`] = `
<View
  style={
    {
      "alignItems": "center",
      "columnGap": 10,
      "flexDirection": "row",
      "marginTop": 16,
    }
  }
>
  <View
    style={
      {
        "flex": 3,
      }
    }
  >
    <Text
      style={
        {
          "color": "#391363",
        }
      }
    >
      Height
    </Text>
  </View>
  <View
    style={
      [
        {
          "backgroundColor": "#9fc6c7",
          "flex": 10,
          "height": 12,
          "overflow": "hidden",
        },
      ]
    }
  >
    <View
      style={
        [
          {
            "backgroundColor": "#391363",
            "flex": 1,
            "height": 12,
            "left": 0,
            "position": "absolute",
            "top": 0,
            "width": "100%",
          },
          {
            "width": "80%",
          },
        ]
      }
    />
    <Text
      style={
        {
          "color": "#fff",
          "fontSize": 10,
          "fontWeight": 500,
          "marginLeft": 5,
        }
      }
    >
      80
    </Text>
  </View>
</View>
`;
